0 verbose cli /home/zmq/.nvm/versions/node/v22.23.2/bin/node /home/zmq/.nvm/versions/node/v22.23.2/lib/node_modules/npm/bin/npm-cli.js
1 info using npm@10.9.8
2 info using node@v22.23.2
3 silly config load:file:/home/zmq/.nvm/versions/node/v22.23.2/lib/node_modules/npm/npmrc
4 silly config load:file:/home/zmq/projects/blogs/.sass-check/.npmrc
5 silly config load:file:/home/zmq/.npmrc
6 silly config load:file:/home/zmq/.nvm/versions/node/v22.23.2/etc/npmrc
7 verbose title npm exec sass --no-source-map --load-path=jekyll-theme-chirpy-master/_sass test.scss out.css
8 verbose argv "exec" "--yes" "--" "sass" "--no-source-map" "--load-path=jekyll-theme-chirpy-master/_sass" "test.scss" "out.css"
9 verbose logfile logs-max:10 dir:/home/zmq/projects/blogs/.npm-tmp/_logs/2026-08-18T14_20_38_889Z-
10 verbose logfile /home/zmq/projects/blogs/.npm-tmp/_logs/2026-08-18T14_20_38_889Z-debug-0.log
11 silly logfile done cleaning log files
12 silly packumentCache heap:4345298944 maxSize:1086324736 maxEntrySize:543162368
13 http fetch GET https://registry.npmjs.org/sass attempt 1 failed with ETIMEDOUT
14 http fetch GET https://registry.npmjs.org/npm attempt 1 failed with ETIMEDOUT
15 http fetch GET https://registry.npmjs.org/sass attempt 2 failed with ETIMEDOUT
16 http fetch GET https://registry.npmjs.org/npm attempt 2 failed with ETIMEDOUT
17 http fetch GET https://registry.npmjs.org/sass attempt 3 failed with ETIMEDOUT
18 http fetch GET https://registry.npmjs.org/npm attempt 3 failed with ETIMEDOUT
19 verbose type system
20 verbose stack FetchError: request to https://registry.npmjs.org/sass failed, reason: 
20 verbose stack     at ClientRequest.<anonymous> (/home/zmq/.nvm/versions/node/v22.23.2/lib/node_modules/npm/node_modules/minipass-fetch/lib/index.js:130:14)
20 verbose stack     at ClientRequest.emit (node:events:519:28)
20 verbose stack     at emitErrorEvent (node:_http_client:108:11)
20 verbose stack     at _destroy (node:_http_client:967:9)
20 verbose stack     at onSocketNT (node:_http_client:987:5)
20 verbose stack     at processTicksAndRejections (node:internal/process/task_queues:90:21)
20 verbose stack     at runNextTicks (node:internal/process/task_queues:68:3)
20 verbose stack     at listOnTimeout (node:internal/timers:547:9)
20 verbose stack     at process.processTimers (node:internal/timers:521:7)
21 error code ETIMEDOUT
22 error errno ETIMEDOUT
23 error network request to https://registry.npmjs.org/sass failed, reason: 
24 error network This is a problem related to network connectivity.
24 error network In most cases you are behind a proxy or have bad network settings.
24 error network
24 error network If you are behind a proxy, please make sure that the
24 error network 'proxy' config is set properly.  See: 'npm help config'
25 verbose cwd /home/zmq/projects/blogs/.sass-check
26 verbose os Linux 7.1.8-1-cachyos
27 verbose node v22.23.2
28 verbose npm  v10.9.8
29 verbose exit 1
30 verbose code 1
31 error A complete log of this run can be found in: /home/zmq/projects/blogs/.npm-tmp/_logs/2026-08-18T14_20_38_889Z-debug-0.log
